###############################################################################
#
# IAR ELF Linker V2.20.1.176 for STM8                     13/Jan/2020  03:47:00
# Copyright 2010-2015 IAR Systems AB.
#
#    Output file  =  
#        D:\GITHUB\IAR_STM8S103F3P6_FFT\Debug\Exe\IAR_STM8S103F3P6_FFT.out
#    Map file     =  
#        D:\GITHUB\IAR_STM8S103F3P6_FFT\Debug\List\IAR_STM8S103F3P6_FFT.map
#    Command line =  
#        D:\GITHUB\IAR_STM8S103F3P6_FFT\Debug\Obj\fft__.o
#        D:\GITHUB\IAR_STM8S103F3P6_FFT\Debug\Obj\init.o
#        D:\GITHUB\IAR_STM8S103F3P6_FFT\Debug\Obj\main.o
#        D:\GITHUB\IAR_STM8S103F3P6_FFT\Debug\Obj\SSD1306.o
#        D:\GITHUB\IAR_STM8S103F3P6_FFT\Debug\Obj\stm8s_adc1.o
#        D:\GITHUB\IAR_STM8S103F3P6_FFT\Debug\Obj\stm8s_awu.o
#        D:\GITHUB\IAR_STM8S103F3P6_FFT\Debug\Obj\stm8s_beep.o
#        D:\GITHUB\IAR_STM8S103F3P6_FFT\Debug\Obj\stm8s_clk.o
#        D:\GITHUB\IAR_STM8S103F3P6_FFT\Debug\Obj\stm8s_exti.o
#        D:\GITHUB\IAR_STM8S103F3P6_FFT\Debug\Obj\stm8s_flash.o
#        D:\GITHUB\IAR_STM8S103F3P6_FFT\Debug\Obj\stm8s_gpio.o
#        D:\GITHUB\IAR_STM8S103F3P6_FFT\Debug\Obj\stm8s_i2c.o
#        D:\GITHUB\IAR_STM8S103F3P6_FFT\Debug\Obj\stm8s_it.o
#        D:\GITHUB\IAR_STM8S103F3P6_FFT\Debug\Obj\stm8s_itc.o
#        D:\GITHUB\IAR_STM8S103F3P6_FFT\Debug\Obj\stm8s_iwdg.o
#        D:\GITHUB\IAR_STM8S103F3P6_FFT\Debug\Obj\stm8s_rst.o
#        D:\GITHUB\IAR_STM8S103F3P6_FFT\Debug\Obj\stm8s_spi.o
#        D:\GITHUB\IAR_STM8S103F3P6_FFT\Debug\Obj\stm8s_tim1.o
#        D:\GITHUB\IAR_STM8S103F3P6_FFT\Debug\Obj\stm8s_tim2.o
#        D:\GITHUB\IAR_STM8S103F3P6_FFT\Debug\Obj\stm8s_tim4.o
#        D:\GITHUB\IAR_STM8S103F3P6_FFT\Debug\Obj\stm8s_uart1.o
#        D:\GITHUB\IAR_STM8S103F3P6_FFT\Debug\Obj\stm8s_wwdg.o --redirect
#        _Printf=_PrintfFullNoMb --redirect _Scanf=_ScanfFullNoMb -o
#        D:\GITHUB\IAR_STM8S103F3P6_FFT\Debug\Exe\IAR_STM8S103F3P6_FFT.out
#        --map
#        D:\GITHUB\IAR_STM8S103F3P6_FFT\Debug\List\IAR_STM8S103F3P6_FFT.map
#        --config "C:\Program Files (x86)\IAR Systems\Embedded Workbench
#        7.3\stm8\config\lnkstm8s103f3.icf" --config_def _CSTACK_SIZE=0x080
#        --config_def _HEAP_SIZE=0x080 --entry __iar_program_start --debug_lib
#
###############################################################################

*******************************************************************************
*** RUNTIME MODEL ATTRIBUTES
***

__SystemLibrary            = DLib
__code_model               = small
__core                     = stm8
__data_model               = medium
__dlib_file_descriptor     = 0
__dlib_full_locale_support = 0
__rt_version               = 4


*******************************************************************************
*** PLACEMENT SUMMARY
***

"A1":  place at start of [0x000000-0x0000ff] { rw section .vregs };
"A2":  place at end of [0x000000-0x0003ff] { block CSTACK };
"P2":  place in [from 0x000000 to 0x0003ff] {
          block HEAP, rw section __DLIB_PERTHREAD, rw section .far.bss,
          rw section .far.data, rw section .far.noinit,
          rw section .far_func.textrw, rw section .huge.bss,
          rw section .huge.data, rw section .huge.noinit,
          rw section .huge_func.textrw, rw section .iar.dynexit,
          rw section .near.bss, rw section .near.data, rw section .near.noinit,
          rw section .near_func.textrw };
"A3":  place at start of [0x008000-0x009fff] { block INTVEC };
"P3":  place in [from 0x008000 to 0x009fff] {
          ro section __DLIB_PERTHREAD_init, ro section .far.data_init,
          ro section .far_func.textrw_init, ro section .huge.data_init,
          ro section .huge_func.textrw_init, ro section .iar.init_table,
          ro section .init_array, ro section .near.data_init,
          ro section .near.rodata, ro section .near_func.text,
          ro section .near_func.textrw_init, ro section .tiny.data_init,
          ro section .tiny.rodata_init };

  Section          Kind      Address    Size  Object
  -------          ----      -------    ----  ------
"A1":                                   0x10
  .vregs           uninit   0x000000    0x10  vregs.o [4]
                          - 0x000010    0x10

"P2":                                  0x189
  .near.bss        zero     0x000010   0x100  main.o [1]
  .near.bss        zero     0x000110    0x80  main.o [1]
  .near.bss        zero     0x000190     0x4  main.o [1]
  .near.bss        zero     0x000194     0x4  main.o [1]
  .near.bss        zero     0x000198     0x1  main.o [1]
                          - 0x000199   0x189

"A2":                                   0x80
  CSTACK                    0x000380    0x80  <Block>
    CSTACK         uninit   0x000380    0x80  <Block tail>
                          - 0x000400    0x80

"A3":                                   0x80
  INTVEC                    0x008000    0x80  <Block>
    .intvec        const    0x008000    0x80  interrupt.o [4]
                          - 0x008080    0x80

"P3":                                 0x108a
  .near_func.text  ro code  0x008080   0x1a4  long.o [4]
  .near_func.text  ro code  0x008224   0x120  main.o [1]
  .near_func.text  ro code  0x008344   0x110  fft__.o [1]
  .near_func.text  ro code  0x008454   0x109  stm8s_i2c.o [1]
  .near_func.text  ro code  0x00855d    0xf4  vreg_util.o [4]
  .near_func.text  ro code  0x008651    0x99  stm8s_tim1.o [1]
  .near_func.text  ro code  0x0086ea    0x95  stm8s_clk.o [1]
  .near.rodata     const    0x00877f    0x80  fft__.o [1]
  .near_func.text  ro code  0x0087ff    0x76  stm8s_gpio.o [1]
  .near_func.text  ro code  0x008875    0x6b  SSD1306.o [1]
  .near_func.text  ro code  0x0088e0    0x66  main.o [1]
  .near_func.text  ro code  0x008946    0x61  stm8s_adc1.o [1]
  .near_func.text  ro code  0x0089a7    0x5d  fft__.o [1]
  .near_func.text  ro code  0x008a04    0x5d  stm8s_tim1.o [1]
  .near_func.text  ro code  0x008a61    0x52  fft__.o [1]
  .near_func.text  ro code  0x008ab3    0x4e  short.o [4]
  .near_func.text  ro code  0x008b01    0x43  stm8s_i2c.o [1]
  .near.rodata     const    0x008b44    0x40  fft__.o [1]
  .near.rodata     const    0x008b84    0x40  fft__.o [1]
  .near.rodata     const    0x008bc4    0x40  fft__.o [1]
  .near_func.text  ro code  0x008c04    0x3f  main.o [1]
  .near_func.text  ro code  0x008c43    0x3d  stm8s_adc1.o [1]
  .near_func.text  ro code  0x008c80    0x39  init.o [1]
  .near_func.text  ro code  0x008cb9    0x39  stm8s_adc1.o [1]
  .near_func.text  ro code  0x008cf2    0x36  stm8s_clk.o [1]
  .near_func.text  ro code  0x008d28    0x31  stm8s_adc1.o [1]
  .near_func.text  ro code  0x008d59    0x2e  stm8s_adc1.o [1]
  .near_func.text  ro code  0x008d87    0x2c  stm8s_adc1.o [1]
  .near_func.text  ro code  0x008db3    0x2c  stm8s_clk.o [1]
  .near_func.text  ro code  0x008ddf    0x2c  stm8s_it.o [1]
  .near_func.text  ro code  0x008e0b    0x2a  init.o [1]
  .near_func.text  ro code  0x008e35    0x26  long_util.o [4]
  .near_func.text  ro code  0x008e5b    0x25  stm8s_i2c.o [1]
  .near_func.text  ro code  0x008e80    0x24  init.o [1]
  .near_func.text  ro code  0x008ea4    0x24  stm8s_tim1.o [1]
  .near_func.text  ro code  0x008ec8    0x21  stm8s_adc1.o [1]
  .iar.init_table  const    0x008ee9     0x8  - Linker created -
  .near_func.text  ro code  0x008ef1    0x20  init.o [1]
  .near_func.text  ro code  0x008f11    0x1e  init_small.o [4]
  .near_func.text  ro code  0x008f2f    0x1c  fft__.o [1]
  .near_func.text  ro code  0x008f4b    0x1c  init.o [1]
  .near.rodata     const    0x008f67    0x1a  SSD1306.o [1]
  .near_func.text  ro code  0x008f81    0x19  init.o [1]
  .near_func.text  ro code  0x008f9a    0x19  stm8s_i2c.o [1]
  .near_func.text  ro code  0x008fb3    0x18  dc_util.o [4]
  .near_func.text  ro code  0x008fcb    0x17  init.o [4]
  .near_func.text  ro code  0x008fe2    0x15  fft__.o [1]
  .near_func.text  ro code  0x008ff7    0x15  main.o [1]
  .near_func.text  ro code  0x00900c    0x15  stm8s_gpio.o [1]
  .near_func.text  ro code  0x009021    0x14  __dbg_xxexit.o [3]
  .near_func.text  ro code  0x009035    0x13  stm8s_adc1.o [1]
  .near_func.text  ro code  0x009048    0x13  stm8s_tim4.o [1]
  .near_func.text  ro code  0x00905b    0x13  cstartup.o [4]
  .near_func.text  ro code  0x00906e     0xd  stm8s_adc1.o [1]
  .near_func.text  ro code  0x00907b     0xd  stm8s_i2c.o [1]
  .near_func.text  ro code  0x009088     0xd  stm8s_i2c.o [1]
  .near_func.text  ro code  0x009095     0xd  stm8s_tim1.o [1]
  .near_func.text  ro code  0x0090a2     0xd  stm8s_tim1.o [1]
  .near_func.text  ro code  0x0090af     0xd  stm8s_tim1.o [1]
  .near_func.text  ro code  0x0090bc     0xd  stm8s_tim4.o [1]
  .near_func.text  ro code  0x0090c9     0x9  stm8s_tim4.o [1]
  .near_func.text  ro code  0x0090d2     0x8  stm8s_i2c.o [1]
  .near_func.text  ro code  0x0090da     0x5  stm8s_tim4.o [1]
  .near_func.text  ro code  0x0090df     0x5  cexit.o [4]
  .near_func.text  ro code  0x0090e4     0x4  stm8s_i2c.o [1]
  .near_func.text  ro code  0x0090e8     0x3  interrupt.o [4]
  .near_func.text  ro code  0x0090eb     0x3  low_level_init.o [4]
  .near_func.text  ro code  0x0090ee     0x3  exit.o [4]
  .near_func.text  ro code  0x0090f1     0x3  unhandled_exception.o [4]
  .near_func.text  ro code  0x0090f4     0x2  init.o [1]
  .near_func.text  ro code  0x0090f6     0x1  stm8s_it.o [1]
  .near_func.text  ro code  0x0090f7     0x1  stm8s_it.o [1]
  .near_func.text  ro code  0x0090f8     0x1  stm8s_it.o [1]
  .near_func.text  ro code  0x0090f9     0x1  stm8s_it.o [1]
  .near_func.text  ro code  0x0090fa     0x1  stm8s_it.o [1]
  .near_func.text  ro code  0x0090fb     0x1  stm8s_it.o [1]
  .near_func.text  ro code  0x0090fc     0x1  stm8s_it.o [1]
  .near_func.text  ro code  0x0090fd     0x1  stm8s_it.o [1]
  .near_func.text  ro code  0x0090fe     0x1  stm8s_it.o [1]
  .near_func.text  ro code  0x0090ff     0x1  stm8s_it.o [1]
  .near_func.text  ro code  0x009100     0x1  stm8s_it.o [1]
  .near_func.text  ro code  0x009101     0x1  stm8s_it.o [1]
  .near_func.text  ro code  0x009102     0x1  stm8s_it.o [1]
  .near_func.text  ro code  0x009103     0x1  stm8s_it.o [1]
  .near_func.text  ro code  0x009104     0x1  stm8s_it.o [1]
  .near_func.text  ro code  0x009105     0x1  stm8s_it.o [1]
  .near_func.text  ro code  0x009106     0x1  stm8s_it.o [1]
  .near_func.text  ro code  0x009107     0x1  stm8s_it.o [1]
  .near_func.text  ro code  0x009108     0x1  stm8s_it.o [1]
  .near_func.text  ro code  0x009109     0x1  __dbg_break.o [3]
                          - 0x00910a  0x108a


*******************************************************************************
*** INIT TABLE
***

          Address   Size
          -------   ----
Zero (__iar_zero_init2)
    1 destination range, total size 0x189:
          0x000010  0x189



*******************************************************************************
*** MODULE SUMMARY
***

    Module                 ro code  ro data  rw data
    ------                 -------  -------  -------
D:\GITHUB\IAR_STM8S103F3P6_FFT\Debug\Obj: [1]
    SSD1306.o                  107       26
    fft__.o                    496      320
    init.o                     222
    main.o                     474               393
    stm8s_adc1.o               419
    stm8s_clk.o                247
    stm8s_gpio.o               139
    stm8s_i2c.o                432
    stm8s_it.o                  63
    stm8s_tim1.o               321
    stm8s_tim4.o                46
    ------------------------------------------------
    Total:                   2 966      346      393

command line: [2]
    ------------------------------------------------
    Total:

dbgstm8smd.a: [3]
    __dbg_break.o                1
    __dbg_xxexit.o              20
    ------------------------------------------------
    Total:                      21

dlstm8smn.a: [4]
    cexit.o                      5
    cstartup.o                  19
    dc_util.o                   24
    exit.o                       3
    init.o                      23
    init_small.o                30
    interrupt.o                  3      128
    long.o                     420
    long_util.o                 38
    low_level_init.o             3
    short.o                     78
    unhandled_exception.o        3
    vreg_util.o                244
    vregs.o                                       16
    ------------------------------------------------
    Total:                     893      128       16

    Linker created                        8      128
----------------------------------------------------
    Grand Total:             3 880      482      537


*******************************************************************************
*** ENTRY LIST
***

Entry                    Address   Size  Type      Object
-----                    -------   ----  ----      ------
.iar.init_table$$Base   0x008ee9          --   Gb  - Linker created -
.iar.init_table$$Limit  0x008ef1          --   Gb  - Linker created -
?add32_l0_l0_0x         0x0080a1         Code  Gb  long.o [4]
?add32_l0_l0_dl         0x008099         Code  Gb  long.o [4]
?add32_l0_l0_l1         0x00809e         Code  Gb  long.o [4]
?and32_l0_l0_0x         0x0081b3         Code  Gb  long.o [4]
?b0                     0x000000         Data  Gb  vregs.o [4]
?b1                     0x000001         Data  Gb  vregs.o [4]
?b10                    0x00000a         Data  Gb  vregs.o [4]
?b11                    0x00000b         Data  Gb  vregs.o [4]
?b12                    0x00000c         Data  Gb  vregs.o [4]
?b13                    0x00000d         Data  Gb  vregs.o [4]
?b14                    0x00000e         Data  Gb  vregs.o [4]
?b15                    0x00000f         Data  Gb  vregs.o [4]
?b2                     0x000002         Data  Gb  vregs.o [4]
?b3                     0x000003         Data  Gb  vregs.o [4]
?b4                     0x000004         Data  Gb  vregs.o [4]
?b5                     0x000005         Data  Gb  vregs.o [4]
?b6                     0x000006         Data  Gb  vregs.o [4]
?b7                     0x000007         Data  Gb  vregs.o [4]
?b8                     0x000008         Data  Gb  vregs.o [4]
?b9                     0x000009         Data  Gb  vregs.o [4]
?dc32_l1                0x008fb3         Code  Gb  dc_util.o [4]
?dc32_px                0x008fc0         Code  Gb  dc_util.o [4]
?dec32_0x_0x            0x008085         Code  Gb  long.o [4]
?dec32_l0_l0            0x008080         Code  Gb  long.o [4]
?e0                     0x000001         Data  Gb  vregs.o [4]
?e1                     0x000005         Data  Gb  vregs.o [4]
?e2                     0x000009         Data  Gb  vregs.o [4]
?e3                     0x00000d         Data  Gb  vregs.o [4]
?epilogue_l2            0x0085e7         Code  Gb  vreg_util.o [4]
?epilogue_l2_l3         0x0085e4         Code  Gb  vreg_util.o [4]
?epilogue_w4            0x0085eb         Code  Gb  vreg_util.o [4]
?l0                     0x000000         Data  Gb  vregs.o [4]
?l1                     0x000004         Data  Gb  vregs.o [4]
?l2                     0x000008         Data  Gb  vregs.o [4]
?l3                     0x00000c         Data  Gb  vregs.o [4]
?load32_0x_l0           0x008e4d         Code  Gb  long_util.o [4]
?load32_l0_0x           0x008e35         Code  Gb  long_util.o [4]
?load32_l1_0x           0x008e41         Code  Gb  long_util.o [4]
?mov_e0_e2              0x0085f9         Code  Gb  vreg_util.o [4]
?mov_e0_e3              0x008606         Code  Gb  vreg_util.o [4]
?mov_e1_e0              0x008613         Code  Gb  vreg_util.o [4]
?mov_e1_e2              0x008620         Code  Gb  vreg_util.o [4]
?mov_e1_e3              0x00862d         Code  Gb  vreg_util.o [4]
?mov_e2_e0              0x00863a         Code  Gb  vreg_util.o [4]
?mov_e3_e0              0x008647         Code  Gb  vreg_util.o [4]
?mov_l0_l2              0x0085f6         Code  Gb  vreg_util.o [4]
?mov_l0_l3              0x008603         Code  Gb  vreg_util.o [4]
?mov_l1_l0              0x008610         Code  Gb  vreg_util.o [4]
?mov_l1_l2              0x00861d         Code  Gb  vreg_util.o [4]
?mov_l1_l3              0x00862a         Code  Gb  vreg_util.o [4]
?mov_l2_l0              0x008637         Code  Gb  vreg_util.o [4]
?mov_l3_l0              0x008644         Code  Gb  vreg_util.o [4]
?mov_w1_w5              0x0085fc         Code  Gb  vreg_util.o [4]
?mov_w1_w7              0x008609         Code  Gb  vreg_util.o [4]
?mov_w3_w1              0x008616         Code  Gb  vreg_util.o [4]
?mov_w3_w5              0x008623         Code  Gb  vreg_util.o [4]
?mov_w3_w7              0x008630         Code  Gb  vreg_util.o [4]
?mov_w4_w1              0x0085ef         Code  Gb  vreg_util.o [4]
?mov_w5_w1              0x00863d         Code  Gb  vreg_util.o [4]
?mov_w7_w1              0x00864a         Code  Gb  vreg_util.o [4]
?mul16_x_x_w0           0x008ab3         Code  Gb  short.o [4]
?mul32_l0_l0_0x         0x0080bc         Code  Gb  long.o [4]
?mul32_l0_l0_dl         0x0080b9         Code  Gb  long.o [4]
?mul32_l0_l0_l1         0x0080c5         Code  Gb  long.o [4]
?or32_l0_l0_0x          0x0081ce         Code  Gb  long.o [4]
?or32_l0_l0_l1          0x0081cb         Code  Gb  long.o [4]
?pop_l0                 0x0085b0         Code  Gb  vreg_util.o [4]
?pop_l1                 0x0085bb         Code  Gb  vreg_util.o [4]
?pop_l2                 0x0085c6         Code  Gb  vreg_util.o [4]
?pop_l3                 0x0085d1         Code  Gb  vreg_util.o [4]
?pop_w4                 0x008575         Code  Gb  vreg_util.o [4]
?push_l0                0x008584         Code  Gb  vreg_util.o [4]
?push_l2                0x008589         Code  Gb  vreg_util.o [4]
?push_l3                0x00858e         Code  Gb  vreg_util.o [4]
?push_w4                0x00855d         Code  Gb  vreg_util.o [4]
?sdiv16_x_x_y           0x008ad1         Code  Gb  short.o [4]
?sext32_l0_x            0x008219         Code  Gb  long.o [4]
?sll16_x_x_4            0x008af4         Code  Gb  short.o [4]
?sll16_x_x_5            0x008af3         Code  Gb  short.o [4]
?sll16_x_x_6            0x008af2         Code  Gb  short.o [4]
?sll16_x_x_a            0x008aea         Code  Gb  short.o [4]
?sll32_0x_0x_a          0x0081e9         Code  Gb  long.o [4]
?sll32_l0_l0_a          0x0081e6         Code  Gb  long.o [4]
?sra32_0x_0x_a          0x00820b         Code  Gb  long.o [4]
?sra32_l0_l0_a          0x008208         Code  Gb  long.o [4]
?srl16_x_x_4            0x008afc         Code  Gb  short.o [4]
?srl16_x_x_5            0x008afb         Code  Gb  short.o [4]
?srl16_x_x_6            0x008afa         Code  Gb  short.o [4]
?srl16_x_x_7            0x008af9         Code  Gb  short.o [4]
?srl32_0x_0x_a          0x0081fa         Code  Gb  long.o [4]
?srl32_l0_l0_a          0x0081f7         Code  Gb  long.o [4]
?udiv32_l0_l0_dl        0x008143         Code  Gb  long.o [4]
?udiv32_l0_l0_l1        0x008146         Code  Gb  long.o [4]
?umod32_l1_l0_l1        0x008146         Code  Gb  long.o [4]
?w0                     0x000000         Data  Gb  vregs.o [4]
?w1                     0x000002         Data  Gb  vregs.o [4]
?w2                     0x000004         Data  Gb  vregs.o [4]
?w3                     0x000006         Data  Gb  vregs.o [4]
?w4                     0x000008         Data  Gb  vregs.o [4]
?w5                     0x00000a         Data  Gb  vregs.o [4]
?w6                     0x00000c         Data  Gb  vregs.o [4]
?w7                     0x00000e         Data  Gb  vregs.o [4]
ADC1_Cmd                0x00906e    0xd  Code  Gb  stm8s_adc1.o [1]
ADC1_ConversionConfig   0x008d59   0x2e  Code  Gb  stm8s_adc1.o [1]
ADC1_DeInit             0x008d28   0x31  Code  Gb  stm8s_adc1.o [1]
ADC1_ExternalTriggerConfig
                        0x008ec8   0x21  Code  Gb  stm8s_adc1.o [1]
ADC1_GetConversionValue
                        0x008c43   0x3d  Code  Gb  stm8s_adc1.o [1]
ADC1_GetFlagStatus      0x008cb9   0x39  Code  Gb  stm8s_adc1.o [1]
ADC1_IRQHandler         0x009107    0x1  Code  Gb  stm8s_it.o [1]
ADC1_Init               0x008d87   0x2c  Code  Gb  stm8s_adc1.o [1]
ADC1_PrescalerConfig    0x009035   0x13  Code  Gb  stm8s_adc1.o [1]
ADC1_SchmittTriggerConfig
                        0x008946   0x61  Code  Gb  stm8s_adc1.o [1]
AWU_IRQHandler          0x0090f8    0x1  Code  Gb  stm8s_it.o [1]
CLK_ClockSwitchConfig   0x0086ea   0x95  Code  Gb  stm8s_clk.o [1]
CLK_DeInit              0x008cf2   0x36  Code  Gb  stm8s_clk.o [1]
CLK_IRQHandler          0x0090f9    0x1  Code  Gb  stm8s_it.o [1]
CLK_SYSCLKConfig        0x008db3   0x2c  Code  Gb  stm8s_clk.o [1]
COS                     0x008b84   0x40  Data  Gb  fft__.o [1]
CSTACK$$Base            0x000380          --   Gb  - Linker created -
CSTACK$$Limit           0x000400          --   Gb  - Linker created -
EEPROM_EEC_IRQHandler   0x009108    0x1  Code  Gb  stm8s_it.o [1]
EXTI_PORTA_IRQHandler   0x0090fa    0x1  Code  Gb  stm8s_it.o [1]
EXTI_PORTB_IRQHandler   0x0090fb    0x1  Code  Gb  stm8s_it.o [1]
EXTI_PORTC_IRQHandler   0x0090fc    0x1  Code  Gb  stm8s_it.o [1]
EXTI_PORTD_IRQHandler   0x0090fd    0x1  Code  Gb  stm8s_it.o [1]
EXTI_PORTE_IRQHandler   0x0090fe    0x1  Code  Gb  stm8s_it.o [1]
FIX                     0x008fe2   0x15  Code  Gb  fft__.o [1]
FIX_MPY                 0x008f2f   0x1c  Code  Gb  fft__.o [1]
GPIO_DeInit             0x00900c   0x15  Code  Gb  stm8s_gpio.o [1]
GPIO_Init               0x0087ff   0x76  Code  Gb  stm8s_gpio.o [1]
I2C_AcknowledgeConfig   0x008f9a   0x19  Code  Gb  stm8s_i2c.o [1]
I2C_CheckEvent          0x008b01   0x43  Code  Gb  stm8s_i2c.o [1]
I2C_DeInit              0x008e5b   0x25  Code  Gb  stm8s_i2c.o [1]
I2C_GenerateSTART       0x00907b    0xd  Code  Gb  stm8s_i2c.o [1]
I2C_GenerateSTOP        0x009088    0xd  Code  Gb  stm8s_i2c.o [1]
I2C_IRQHandler          0x009106    0x1  Code  Gb  stm8s_it.o [1]
I2C_Init                0x008454  0x109  Code  Gb  stm8s_i2c.o [1]
I2C_Send7bitAddress     0x0090d2    0x8  Code  Gb  stm8s_i2c.o [1]
I2C_SendData            0x0090e4    0x4  Code  Gb  stm8s_i2c.o [1]
INTVEC$$Base            0x008000          --   Gb  - Linker created -
INTVEC$$Limit           0x008080          --   Gb  - Linker created -
Init_ADC                0x008e0b   0x2a  Code  Gb  init.o [1]
Init_CLK                0x008f81   0x19  Code  Gb  init.o [1]
Init_GPIO               0x008e80   0x24  Code  Gb  init.o [1]
Init_I2C                0x008ef1   0x20  Code  Gb  init.o [1]
Init_ITC                0x0090f4    0x2  Code  Gb  init.o [1]
LCD_Init                0x0088c2   0x1e  Code  Gb  SSD1306.o [1]
LCD_command             0x008875   0x4d  Code  Gb  SSD1306.o [1]
Region$$Table$$Base     0x008ee9          --   Gb  - Linker created -
Region$$Table$$Limit    0x008ef1          --   Gb  - Linker created -
SIN                     0x008bc4   0x40  Data  Gb  fft__.o [1]
SPI_IRQHandler          0x0090ff    0x1  Code  Gb  stm8s_it.o [1]
TIM1_ARRPreloadConfig   0x0090af    0xd  Code  Gb  stm8s_tim1.o [1]
TIM1_CAP_COM_IRQHandler
                        0x009101    0x1  Code  Gb  stm8s_it.o [1]
TIM1_Cmd                0x009095    0xd  Code  Gb  stm8s_tim1.o [1]
TIM1_Config             0x008c80   0x39  Code  Gb  init.o [1]
TIM1_CtrlPWMOutputs     0x0090a2    0xd  Code  Gb  stm8s_tim1.o [1]
TIM1_DeInit             0x008651   0x99  Code  Gb  stm8s_tim1.o [1]
TIM1_OC1Init            0x008a04   0x5d  Code  Gb  stm8s_tim1.o [1]
TIM1_TimeBaseInit       0x008ea4   0x24  Code  Gb  stm8s_tim1.o [1]
TIM1_UPD_OVF_TRG_BRK_IRQHandler
                        0x009100    0x1  Code  Gb  stm8s_it.o [1]
TIM2_CAP_COM_IRQHandler
                        0x009103    0x1  Code  Gb  stm8s_it.o [1]
TIM2_UPD_OVF_BRK_IRQHandler
                        0x009102    0x1  Code  Gb  stm8s_it.o [1]
TIM4_ClearFlag          0x0090da    0x5  Code  Gb  stm8s_tim4.o [1]
TIM4_Cmd                0x0090bc    0xd  Code  Gb  stm8s_tim4.o [1]
TIM4_Config             0x008f4b   0x1c  Code  Gb  init.o [1]
TIM4_ITConfig           0x009048   0x13  Code  Gb  stm8s_tim4.o [1]
TIM4_TimeBaseInit       0x0090c9    0x9  Code  Gb  stm8s_tim4.o [1]
TIM4_UPD_OVF_IRQHandler
                        0x008ddf   0x2c  Code  Gb  stm8s_it.o [1]
TLI_IRQHandler          0x0090f7    0x1  Code  Gb  stm8s_it.o [1]
TRAP_IRQHandler         0x0090f6    0x1  Code  Gb  stm8s_it.o [1]
UART1_RX_IRQHandler     0x009105    0x1  Code  Gb  stm8s_it.o [1]
UART1_TX_IRQHandler     0x009104    0x1  Code  Gb  stm8s_it.o [1]
__DebugBreak            0x009109    0x1  Code  Gb  __dbg_break.o [3]
__exit                  0x009021   0x14  Code  Gb  __dbg_xxexit.o [3]
__iar_data_init2        0x008fcb   0x17  Code  Gb  init.o [4]
__iar_program_start     0x00905b         Code  Gb  cstartup.o [4]
__iar_unhandled_exception
                        0x0090f1         Code  Gb  unhandled_exception.o [4]
__iar_zero_init2        0x008f11         Code  Gb  init_small.o [4]
__intvec                0x008000         Data  Gb  interrupt.o [4]
__low_level_init        0x0090eb    0x3  Code  Gb  low_level_init.o [4]
_exit                   0x0090df         Code  Gb  cexit.o [4]
_interrupt_1            0x0090f6         Code  Gb  stm8s_it.o [1]
_interrupt_12           0x0090ff         Code  Gb  stm8s_it.o [1]
_interrupt_13           0x009100         Code  Gb  stm8s_it.o [1]
_interrupt_14           0x009101         Code  Gb  stm8s_it.o [1]
_interrupt_15           0x009102         Code  Gb  stm8s_it.o [1]
_interrupt_16           0x009103         Code  Gb  stm8s_it.o [1]
_interrupt_19           0x009104         Code  Gb  stm8s_it.o [1]
_interrupt_2            0x0090f7         Code  Gb  stm8s_it.o [1]
_interrupt_20           0x009105         Code  Gb  stm8s_it.o [1]
_interrupt_21           0x009106         Code  Gb  stm8s_it.o [1]
_interrupt_24           0x009107         Code  Gb  stm8s_it.o [1]
_interrupt_25           0x008ddf         Code  Gb  stm8s_it.o [1]
_interrupt_26           0x009108         Code  Gb  stm8s_it.o [1]
_interrupt_3            0x0090f8         Code  Gb  stm8s_it.o [1]
_interrupt_4            0x0090f9         Code  Gb  stm8s_it.o [1]
_interrupt_5            0x0090fa         Code  Gb  stm8s_it.o [1]
_interrupt_6            0x0090fb         Code  Gb  stm8s_it.o [1]
_interrupt_7            0x0090fc         Code  Gb  stm8s_it.o [1]
_interrupt_8            0x0090fd         Code  Gb  stm8s_it.o [1]
_interrupt_9            0x0090fe         Code  Gb  stm8s_it.o [1]
bfly_buff               0x000010  0x100  Data  Gb  main.o [1]
capture                 0x000110   0x80  Data  Gb  main.o [1]
capture_wave            0x0088e0   0x66  Code  Gb  main.o [1]
comm                    0x008f67   0x1a  Data  Gb  SSD1306.o [1]
convert                 0x008c04   0x3f  Code  Gb  main.o [1]
count                   0x000190    0x4  Data  Gb  main.o [1]
delay                   0x008ff7   0x15  Code  Gb  main.o [1]
exit                    0x0090ee    0x3  Code  Gb  exit.o [4]
fft_out                 0x0089a7   0x5d  Code  Gb  fft__.o [1]
fix_fft                 0x008344  0x110  Code  Gb  fft__.o [1]
ham                     0x00877f   0x80  Data  Gb  fft__.o [1]
isr_flag                0x000198    0x1  Data  Gb  main.o [1]
main                    0x008224  0x120  Code  Gb  main.o [1]
my_line                 0x000194    0x4  Data  Gb  main.o [1]
position                0x008b44   0x40  Data  Gb  fft__.o [1]
sqrt16                  0x008a61   0x52  Code  Gb  fft__.o [1]


[1] = D:\GITHUB\IAR_STM8S103F3P6_FFT\Debug\Obj
[2] = command line
[3] = dbgstm8smd.a
[4] = dlstm8smn.a

  3 880 bytes of readonly  code memory
    482 bytes of readonly  data memory
    537 bytes of readwrite data memory

Errors: none
Warnings: none
